// Jest Snapshot v1, https://goo.gl/fbAQLP

exports[`render should render correctly 1`] = `null`;
