// Jest Snapshot v1, https://goo.gl/fbAQLP

exports[`ViewActivity tests render should render correctly 1`] = `undefined`;
