// Jest Snapshot v1, https://goo.gl/fbAQLP

exports[`AdminProfile tests render should render correctly 1`] = `
<div
  className="view-all-container"
>
  <Link
    className="button small tertiary"
    replace={false}
    to="/admins"
  >
    <i
      className="material-icons"
    >
      keyboard_backspace
    </i>
     Back to all admins
  </Link>
  <div>
    <h1>
       
    </h1>
    <div
      className="panel"
    >
      <div
        key="0"
        style={
          Object {
            "margin": "10px 0",
          }
        }
      >
        <h4
          style={
            Object {
              "color": "#a5a9af",
              "fontSize": "0.8em",
            }
          }
        >
          0
        </h4>
        <p>
          <Component />
        </p>
      </div>
    </div>
  </div>
</div>
`;
