// Jest Snapshot v1, https://goo.gl/fbAQLP

exports[`Landing tests render should render correctly 1`] = `
ShallowWrapper {
  Symbol(enzyme.__root__): [Circular],
  Symbol(enzyme.__unrendered__): <Landing />,
  Symbol(enzyme.__renderer__): Object {
    "batchedUpdates": [Function],
    "checkPropTypes": [Function],
    "getNode": [Function],
    "render": [Function],
    "simulateError": [Function],
    "simulateEvent": [Function],
    "unmount": [Function],
  },
  Symbol(enzyme.__node__): Object {
    "instance": null,
    "key": undefined,
    "nodeType": "host",
    "props": Object {
      "children": <div
        className="landing-header"
      >
        <h1>
          Welcome to
        </h1>
        <h1
          className="landing-title"
        >
          Poodl
        </h1>
        <p>
          The member management tool for rural senior centers!
        </p>
        <Link
          className="button large primary"
          replace={false}
          to="/"
        >
          Learn more
        </Link>
      </div>,
      "className": "landing-container",
    },
    "ref": null,
    "rendered": Object {
      "instance": null,
      "key": undefined,
      "nodeType": "host",
      "props": Object {
        "children": Array [
          <h1>
            Welcome to
          </h1>,
          <h1
            className="landing-title"
          >
            Poodl
          </h1>,
          <p>
            The member management tool for rural senior centers!
          </p>,
          <Link
            className="button large primary"
            replace={false}
            to="/"
          >
            Learn more
          </Link>,
        ],
        "className": "landing-header",
      },
      "ref": null,
      "rendered": Array [
        Object {
          "instance": null,
          "key": undefined,
          "nodeType": "host",
          "props": Object {
            "children": "Welcome to",
          },
          "ref": null,
          "rendered": "Welcome to",
          "type": "h1",
        },
        Object {
          "instance": null,
          "key": undefined,
          "nodeType": "host",
          "props": Object {
            "children": "Poodl",
            "className": "landing-title",
          },
          "ref": null,
          "rendered": "Poodl",
          "type": "h1",
        },
        Object {
          "instance": null,
          "key": undefined,
          "nodeType": "host",
          "props": Object {
            "children": "The member management tool for rural senior centers!",
          },
          "ref": null,
          "rendered": "The member management tool for rural senior centers!",
          "type": "p",
        },
        Object {
          "instance": null,
          "key": undefined,
          "nodeType": "class",
          "props": Object {
            "children": "Learn more",
            "className": "button large primary",
            "replace": false,
            "to": "/",
          },
          "ref": null,
          "rendered": "Learn more",
          "type": [Function],
        },
      ],
      "type": "div",
    },
    "type": "div",
  },
  Symbol(enzyme.__nodes__): Array [
    Object {
      "instance": null,
      "key": undefined,
      "nodeType": "host",
      "props": Object {
        "children": <div
          className="landing-header"
        >
          <h1>
            Welcome to
          </h1>
          <h1
            className="landing-title"
          >
            Poodl
          </h1>
          <p>
            The member management tool for rural senior centers!
          </p>
          <Link
            className="button large primary"
            replace={false}
            to="/"
          >
            Learn more
          </Link>
        </div>,
        "className": "landing-container",
      },
      "ref": null,
      "rendered": Object {
        "instance": null,
        "key": undefined,
        "nodeType": "host",
        "props": Object {
          "children": Array [
            <h1>
              Welcome to
            </h1>,
            <h1
              className="landing-title"
            >
              Poodl
            </h1>,
            <p>
              The member management tool for rural senior centers!
            </p>,
            <Link
              className="button large primary"
              replace={false}
              to="/"
            >
              Learn more
            </Link>,
          ],
          "className": "landing-header",
        },
        "ref": null,
        "rendered": Array [
          Object {
            "instance": null,
            "key": undefined,
            "nodeType": "host",
            "props": Object {
              "children": "Welcome to",
            },
            "ref": null,
            "rendered": "Welcome to",
            "type": "h1",
          },
          Object {
            "instance": null,
            "key": undefined,
            "nodeType": "host",
            "props": Object {
              "children": "Poodl",
              "className": "landing-title",
            },
            "ref": null,
            "rendered": "Poodl",
            "type": "h1",
          },
          Object {
            "instance": null,
            "key": undefined,
            "nodeType": "host",
            "props": Object {
              "children": "The member management tool for rural senior centers!",
            },
            "ref": null,
            "rendered": "The member management tool for rural senior centers!",
            "type": "p",
          },
          Object {
            "instance": null,
            "key": undefined,
            "nodeType": "class",
            "props": Object {
              "children": "Learn more",
              "className": "button large primary",
              "replace": false,
              "to": "/",
            },
            "ref": null,
            "rendered": "Learn more",
            "type": [Function],
          },
        ],
        "type": "div",
      },
      "type": "div",
    },
  ],
  Symbol(enzyme.__options__): Object {
    "adapter": ReactSixteenAdapter {
      "options": Object {
        "enableComponentDidUpdateOnSetState": true,
        "legacyContextMode": "parent",
        "lifecycles": Object {
          "componentDidUpdate": Object {
            "onSetState": true,
          },
          "getChildContext": Object {
            "calledByRenderer": false,
          },
          "getDerivedStateFromProps": true,
          "getSnapshotBeforeUpdate": true,
          "setState": Object {
            "skipsComponentDidUpdateOnNullish": true,
          },
        },
      },
    },
  },
}
`;
