// Jest Snapshot v1, https://goo.gl/fbAQLP

exports[`DeleteButton tests render should render delete button correctly 1`] = `
<button
  onClick={[Function]}
/>
`;
