// Jest Snapshot v1, https://goo.gl/fbAQLP

exports[`Loading tests render should render correctly 1`] = `
<div
  className="loading-container"
>
  <div
    className="loading medium primary"
  >
    <div />
  </div>
  <p>
    Loading...
  </p>
</div>
`;
