// Jest Snapshot v1, https://goo.gl/fbAQLP

exports[`ViewAllVolunteers tests render should render correctly 1`] = `
<div
  className="page-container"
>
  <Link
    className="button small tertiary icon"
    replace={false}
    to="/dashboard"
  >
    <i
      className="material-icons button-icon"
    >
      keyboard_backspace
    </i>
     Back to home
  </Link>
  <div
    className="page-header"
  >
    <h1>
      Volunteers
    </h1>
    <Link
      className="button small primary icon"
      replace={false}
      to="/volunteers/register"
    >
      <i
        className="material-icons button-icon"
      >
        person_add
      </i>
      Register Volunteer
    </Link>
  </div>
  <withRouter(DataGrid)
    data={
      Array [
        Object {
          "email": "bigtup@nowhere.com",
          "firstName": "Tup",
          "key": "123",
          "lastName": "Big",
        },
        Object {
          "email": "liltup@nowhere.com",
          "firstName": "Tup",
          "key": "321",
          "lastName": "Lil",
        },
      ]
    }
    loading={false}
    onRowClick={[Function]}
  />
</div>
`;
