// Jest Snapshot v1, https://goo.gl/fbAQLP

exports[`Field tests render should render correctly 1`] = `
ShallowWrapper {
  Symbol(enzyme.__root__): [Circular],
  Symbol(enzyme.__unrendered__): <Field
    content=""
    error={Object {}}
    id="email"
    label="Email:"
    name="email"
    onChange={[Function]}
    placeholder="Enter email..."
    size="normal"
    type="email"
  />,
  Symbol(enzyme.__renderer__): Object {
    "batchedUpdates": [Function],
    "checkPropTypes": [Function],
    "getNode": [Function],
    "render": [Function],
    "simulateError": [Function],
    "simulateEvent": [Function],
    "unmount": [Function],
  },
  Symbol(enzyme.__node__): Object {
    "instance": null,
    "key": undefined,
    "nodeType": "host",
    "props": Object {
      "children": Array [
        "Email:",
        <input
          className="field normal"
          error={Object {}}
          id="email"
          name="email"
          onChange={[Function]}
          placeholder="Enter email..."
          type="email"
          value=""
        />,
      ],
    },
    "ref": null,
    "rendered": Array [
      "Email:",
      Object {
        "instance": null,
        "key": undefined,
        "nodeType": "host",
        "props": Object {
          "className": "field normal",
          "error": Object {},
          "id": "email",
          "name": "email",
          "onChange": [Function],
          "placeholder": "Enter email...",
          "type": "email",
          "value": "",
        },
        "ref": null,
        "rendered": null,
        "type": "input",
      },
    ],
    "type": "div",
  },
  Symbol(enzyme.__nodes__): Array [
    Object {
      "instance": null,
      "key": undefined,
      "nodeType": "host",
      "props": Object {
        "children": Array [
          "Email:",
          <input
            className="field normal"
            error={Object {}}
            id="email"
            name="email"
            onChange={[Function]}
            placeholder="Enter email..."
            type="email"
            value=""
          />,
        ],
      },
      "ref": null,
      "rendered": Array [
        "Email:",
        Object {
          "instance": null,
          "key": undefined,
          "nodeType": "host",
          "props": Object {
            "className": "field normal",
            "error": Object {},
            "id": "email",
            "name": "email",
            "onChange": [Function],
            "placeholder": "Enter email...",
            "type": "email",
            "value": "",
          },
          "ref": null,
          "rendered": null,
          "type": "input",
        },
      ],
      "type": "div",
    },
  ],
  Symbol(enzyme.__options__): Object {
    "adapter": ReactSixteenAdapter {
      "options": Object {
        "enableComponentDidUpdateOnSetState": true,
        "legacyContextMode": "parent",
        "lifecycles": Object {
          "componentDidUpdate": Object {
            "onSetState": true,
          },
          "getChildContext": Object {
            "calledByRenderer": false,
          },
          "getDerivedStateFromProps": true,
          "getSnapshotBeforeUpdate": true,
          "setState": Object {
            "skipsComponentDidUpdateOnNullish": true,
          },
        },
      },
    },
  },
}
`;
